\BOOKMARK [1][-]{section.1}{\376\377\170\024\172\166\200\314\146\157\060\150\166\356\166\204}{}% 1
\BOOKMARK [2][-]{subsection.1.1}{\376\377\162\151\164\006\060\352\060\266\060\374\060\320\060\374\060\263\060\363\060\324\060\345\060\374\060\306\060\243\060\363\060\260\377\010\000P\000R\000C\377\011\060\150\060\157}{section.1}% 2
\BOOKMARK [2][-]{subsection.1.2}{\376\377\133\376\214\141\060\150\060\131\060\213\133\237\232\023\174\373}{section.1}% 3
\BOOKMARK [2][-]{subsection.1.3}{\376\377\147\054\170\024\172\166\060\156\166\356\166\204\060\150\117\134\151\155\116\356\212\254}{section.1}% 4
\BOOKMARK [1][-]{section.2}{\376\377\060\342\060\307\060\353\121\150\117\123\151\313\142\020}{}% 5
\BOOKMARK [2][-]{subsection.2.1}{\376\377\000M\000o\000d\000u\000l\000e\000\040\0001\377\032\060\271\060\255\060\353\060\337\060\252\060\363\133\306\136\246\060\300\060\244\060\312\060\337\060\257\060\271}{section.2}% 6
\BOOKMARK [2][-]{subsection.2.2}{\376\377\000M\000o\000d\000u\000l\000e\000\040\0002\377\032\060\336\060\244\060\257\060\355\154\342\124\070\123\316\060\271\060\332\060\257\060\310\060\353\124\010\142\020}{section.2}% 7
\BOOKMARK [2][-]{subsection.2.3}{\376\377\212\125\117\241\060\321\060\244\060\327\060\351\060\244\060\363}{section.2}% 8
\BOOKMARK [1][-]{section.3}{\376\377\225\213\166\172\175\114\175\357\060\150\133\237\210\305\116\012\060\156\167\345\211\213}{}% 9
\BOOKMARK [2][-]{subsection.3.1}{\376\377\000M\000o\000d\000u\000l\000e\000\040\0001\060\156\225\213\166\172}{section.3}% 10
\BOOKMARK [2][-]{subsection.3.2}{\376\377\000M\000o\000d\000u\000l\000e\000\040\0002\060\156\225\213\166\172}{section.3}% 11
\BOOKMARK [1][-]{section.4}{\376\377\163\376\162\266\060\156\175\120\147\234}{}% 12
\BOOKMARK [2][-]{subsection.4.1}{\376\377\121\145\122\233\170\301\130\064\216\314\220\123\060\156\151\313\173\311}{section.4}% 13
\BOOKMARK [2][-]{subsection.4.2}{\376\377\060\321\060\244\060\327\060\351\060\244\060\363\060\156\131\245\137\123\140\047\151\034\212\074\377\032\000F\000i\000g\000.\000\040\0002\000b\060\156\121\215\163\376}{section.4}% 14
\BOOKMARK [2][-]{subsection.4.3}{\376\377\133\237\060\277\060\271\060\257\060\153\060\210\060\213\140\047\200\375\212\125\117\241\377\032\000M\000a\000c\000k\000e\000y\000-\000G\000l\000a\000s\000s\116\210\156\054}{section.4}% 15
\BOOKMARK [1][-]{section.5}{\376\377\147\052\211\343\154\172\060\156\212\262\230\114}{}% 16
\BOOKMARK [1][-]{section.6}{\376\377\116\312\137\214\060\156\117\134\142\046}{}% 17
\BOOKMARK [2][-]{subsection.6.1}{\376\377\127\372\147\054\145\271\221\335\377\032\123\130\116\000\060\156\145\160\120\044\060\147\060\157\060\152\060\117\060\014\120\276\124\021\060\015\060\222\171\072\060\131}{section.6}% 18
\BOOKMARK [2][-]{subsection.6.2}{\376\377\117\134\142\046\000A\377\032\153\265\226\216\166\204\060\242\060\326\060\354\060\374\060\267\060\347\060\363\060\153\060\210\060\213\133\304\116\016\136\246\060\156\133\232\221\317\123\026}{section.6}% 19
\BOOKMARK [2][-]{subsection.6.3}{\376\377\117\134\142\046\000B\377\032\060\352\060\242\060\352\060\306\060\243\060\256\060\343\060\303\060\327\060\156\133\232\221\317\123\026}{section.6}% 20
\BOOKMARK [2][-]{subsection.6.4}{\376\377\166\172\210\150\060\153\124\021\060\121\060\137\117\115\177\156\060\145\060\121}{section.6}% 21
\BOOKMARK [2][-]{subsection.6.5}{\376\377\133\237\210\114\060\271\060\261\060\270\060\345\060\374\060\353}{section.6}% 22
\BOOKMARK [1][-]{appendix.A}{\376\377\000M\000o\000d\000u\000l\000e\000\040\0001\000\040\145\160\164\006\060\342\060\307\060\353\060\156\133\214\121\150\060\152\133\232\137\017\123\026}{}% 23
\BOOKMARK [2][-]{subsection.A.1}{\376\377\162\266\141\113\131\011\145\160\060\150\117\335\133\130\122\107}{appendix.A}% 24
\BOOKMARK [2][-]{subsection.A.2}{\376\377\170\301\130\064\117\235\133\130\060\156\166\370\122\044\133\232}{appendix.A}% 25
\BOOKMARK [2][-]{subsection.A.3}{\376\377\220\167\171\373\060\354\060\374\060\310}{appendix.A}% 26
\BOOKMARK [2][-]{subsection.A.4}{\376\377\135\051\130\312\060\354\060\374\060\310\377\010\060\242\060\320\060\351\060\363\060\267\060\247\152\137\151\313\377\011}{appendix.A}% 27
\BOOKMARK [2][-]{subsection.A.5}{\376\377\162\266\141\113\145\271\172\013\137\017}{appendix.A}% 28
\BOOKMARK [2][-]{subsection.A.6}{\376\377\170\301\123\026\060\156\217\321\117\074}{appendix.A}% 29
\BOOKMARK [2][-]{subsection.A.7}{\376\377\121\145\122\233\170\301\130\064\216\314\220\123\377\010\000M\000a\000p\000p\000e\000d\000\040\000F\000i\000e\000l\000d\000\040\000C\000y\000c\000l\000i\000n\000g\377\011}{appendix.A}% 30
\BOOKMARK [1][-]{appendix.B}{\376\377\000M\000o\000d\000u\000l\000e\000\040\0002\000\040\145\160\164\006\060\342\060\307\060\353\060\156\133\214\121\150\060\152\133\232\137\017\123\026}{}% 31
\BOOKMARK [2][-]{subsection.B.1}{\376\377\124\070\123\316\060\307\060\243\060\303\060\327\127\213\000L\000o\000r\000e\000n\000t\000z\225\242\145\160}{appendix.B}% 32
\BOOKMARK [2][-]{subsection.B.2}{\376\377\124\004\060\342\060\374\060\311\060\156\116\055\137\303\124\150\154\342\145\160\377\010\000Z\000e\000e\000m\000a\000n\060\267\060\325\060\310\377\011}{appendix.B}% 33
\BOOKMARK [2][-]{subsection.B.3}{\376\377\124\004\060\342\060\374\060\311\060\156\143\057\136\105}{appendix.B}% 34
\BOOKMARK [2][-]{subsection.B.4}{\376\377\121\150\117\123\060\271\060\332\060\257\060\310\060\353\060\156\124\010\142\020}{appendix.B}% 35
\BOOKMARK [2][-]{subsection.B.5}{\376\377\116\312\137\214\217\375\122\240\116\210\133\232\377\032\060\352\060\303\060\327\060\353\151\313\220\040\377\010\147\052\133\237\210\305\377\011}{appendix.B}% 36
\BOOKMARK [1][-]{appendix.C}{\376\377\117\177\165\050\060\321\060\351\060\341\060\374\060\277\116\000\211\247\377\010\147\054\145\345\146\102\160\271\060\156\146\253\133\232\120\044\377\011}{}% 37
